// Jest Snapshot v1, https://goo.gl/fbAQLP

exports[`Should match Snapshot 1`] = `
<section
  className="productSection"
>
  <ul>
    <li>
      <h2>
        Name:
      </h2>
      <p>
         
        Mouse 1
      </p>
    </li>
    <li>
      <h2>
        Type:
      </h2>
      <p>
         
        Mouse
      </p>
    </li>
    <li>
      <h2>
        Price:
      </h2>
      <p>
         
        112.00$
      </p>
    </li>
  </ul>
  <div
    className="btns"
  >
    <a
      href="/"
      onClick={[Function]}
    >
      Go Back
    </a>
  </div>
</section>
`;
